
╭──────────────────────────────────────────────────────────────────────────────╮
│ > Try "check my validator's last 100 log lines for errors"                   │
╰──────────────────────────────────────────────────────────────────────────────╯
 ? for shortcuts                                               general · fake/m