
⏺ The validator missed 12 blocks in the last window; peers are

· Orbiting… (0s · ↑ 0 tokens · esc to interrupt)

╭──────────────────────────────────────────────────────────────────────────────╮
│ > Try "check my validator's last 100 log lines for errors"                   │
╰──────────────────────────────────────────────────────────────────────────────╯
 ? for shortcuts                                               general · fake/m